// Jest Snapshot v1, https://goo.gl/fbAQLP

exports[`Homepage Component should match the Homepage snapshot 1`] = `<Homepage />`;
