// Jest Snapshot v1, https://goo.gl/fbAQLP

exports[`homepage renders correctly 1`] = `<homepage />`;

exports[`login renders correctly 1`] = `<login />`;
